// Jest Snapshot v1, https://goo.gl/fbAQLP

exports[`Appearance Component render matches snapshot 1`] = `
<article
  aria-labelledby="company statement"
  className="card undefined"
>
  <div
    className="card__info"
  >
    <h2
      className="card__title"
      id="company statement"
    >
      Bringing you the 
      <span>
        best
      </span>
       audio gear
    </h2>
    <p
      className="card__statement"
    >
      Located at the heart of New York City, Audiophile is the premier store for high end headphones, earphones, speakers, and audio accessories. We have a large showroom and luxury demonstration rooms available for you to browse and experience a wide range of our products. Stop by our store to meet some of the fantastic people who make Audiophile the best place to buy your portable audio equipment.
    </p>
  </div>
  <picture
    className="card__picture"
  >
    <source
      height="588"
      media="(min-width: 1024px)"
      srcSet="/img/shared/desktop/image-best-gear.jpg"
      width="540"
    />
    <source
      height="600"
      media="(min-width: 576px)"
      srcSet="/img/shared/tablet/image-best-gear.jpg"
      width="1378"
    />
    <source
      height="600"
      media="(max-width: 575px)"
      srcSet="/img/shared/mobile/image-best-gear.jpg"
      width="654"
    />
    <img
      alt="Furnishing our customers with the best gear"
      className="card__img"
      src="/img/shared/desktop/image-best-gear.jpg"
    />
  </picture>
</article>
`;
