// Jest Snapshot v1, https://goo.gl/fbAQLP

exports[`Appearance Component render matches snapshot 1`] = `
<a
  className="container"
  href="Dummy id"
  onClick={[Function]}
>
  Skip to 
  Dummy name
</a>
`;
