// Jest Snapshot v1, https://goo.gl/fbAQLP

exports[`Appearance Component render matches snapshot 1`] = `
<div
  className="quality"
>
  <div
    className="image"
  >
    <img
      alt=""
      src="imgURL"
    />
    <div
      className="bg-circle"
      style={
        {
          "transform": "rotate(0deg)",
        }
      }
    />
  </div>
  <p
    className="quality__title"
  >
    dummyTitle
  </p>
  <p
    className="quality__caption"
    data-testid="caption"
  >
    dummyCaption
  </p>
</div>
`;
