// Jest Snapshot v1, https://goo.gl/fbAQLP

exports[`Appearance Component render matches snapshot 1`] = `
<div
  className="container"
>
  <div
    className="container__sub-container"
  >
    <nav
      className="nav"
    >
      <a
        href="/"
        onClick={[Function]}
      >
        <img
          alt="Designo Site Home."
          className="nav__logo"
          src=""
        />
      </a>
      <button
        className="nav__btn"
        onClick={[Function]}
        type="button"
      >
        <img
          alt=""
          src=""
        />
      </button>
      <div
        className="nav__links"
        id="nav-links"
      >
        <a
          href="/about"
          onClick={[Function]}
        >
          <p
            className="nav__link"
          >
            our company
          </p>
        </a>
        <a
          href="/locations"
          onClick={[Function]}
        >
          <p
            className="nav__link"
          >
            locations
          </p>
        </a>
        <a
          href="/contact"
          onClick={[Function]}
        >
          <p
            className="nav__link"
          >
            contact
          </p>
        </a>
      </div>
    </nav>
    <header
      className="header"
    >
      <div
        className="header__container"
      >
        <div
          className="header__info"
        >
          <h1>
            Contact Us
          </h1>
          <p>
            Ready to take it to the next level? Let’s talk about your project or idea and find out how we can help your business grow. If you are looking for unique digital experiences that’s relatable to your users, drop us a line.
          </p>
        </div>
      </div>
      <form
        aria-label="form"
        className="header__form"
      >
        <div
          className="header__input"
        >
          <input
            placeholder="Name"
            type="text"
          />
        </div>
        <div
          className="header__input"
        >
          <input
            placeholder="Email Address"
            type="text"
          />
        </div>
        <div
          className="header__input"
        >
          <input
            placeholder="Phone"
            type="text"
          />
        </div>
        <div
          className="header__input"
        >
          <textarea
            placeholder="Your Message"
            rows={20}
          />
        </div>
        <button
          type="submit"
        >
          submit
        </button>
      </form>
    </header>
    <div
      className="qualities"
    >
      <div
        className="quality"
      >
        <div
          className="image"
        >
          <img
            alt=""
            src=""
          />
          <div
            className="bg-circle"
            style={
              {
                "transform": "rotate(0deg)",
              }
            }
          />
        </div>
        <p
          className="quality__title"
        >
          canada
        </p>
        <button
          type="button"
        >
          see location
        </button>
      </div>
      <div
        className="quality"
      >
        <div
          className="image"
        >
          <img
            alt=""
            src=""
          />
          <div
            className="bg-circle"
            style={
              {
                "transform": "rotate(270deg)",
              }
            }
          />
        </div>
        <p
          className="quality__title"
        >
          australia
        </p>
        <button
          type="button"
        >
          see location
        </button>
      </div>
      <div
        className="quality"
      >
        <div
          className="image"
        >
          <img
            alt=""
            src=""
          />
          <div
            className="bg-circle"
            style={
              {
                "transform": "rotate(90deg)",
              }
            }
          />
        </div>
        <p
          className="quality__title"
        >
          united kingdom
        </p>
        <button
          type="button"
        >
          see location
        </button>
      </div>
    </div>
  </div>
  <footer
    className="footer "
  >
    <div
      className="footer__container"
    >
      <div
        className="footer__hero"
      >
        <div>
          <p
            className="footer__hero__header"
          >
            Let's talk about your project
          </p>
          <p
            className="footer__hero__body"
          >
            Ready to take it to the next level? Contact us today and find out how our expertise can help your business grow.
          </p>
        </div>
        <button
          className="footer__hero__button"
          type="button"
        >
          get in touch
        </button>
      </div>
      <div
        className="footer__nav"
      >
        <a
          href="/"
          onClick={[Function]}
        >
          <img
            alt="Designo Site Home."
            className="footer__logo"
            src=""
          />
        </a>
        <div
          className="footer__links"
        >
          <a
            href="/about"
            onClick={[Function]}
          >
            <p
              className="footer__link"
            >
              our company
            </p>
          </a>
          <a
            href="/locations"
            onClick={[Function]}
          >
            <p
              className="footer__link"
            >
              locations
            </p>
          </a>
          <a
            href="/contact"
            onClick={[Function]}
          >
            <p
              className="footer__link"
            >
              contact
            </p>
          </a>
        </div>
        <hr
          className="footer__hr"
        />
      </div>
      <div
        className="footer__info"
      >
        <div
          className="footer__details"
        >
          <div>
            <p
              className="footer__bold-text"
            >
              Designo Central Office
            </p>
            <p>
              3386 Wellington Street
            </p>
            <p>
              Toronto, Ontario M9C 3J5
            </p>
          </div>
          <div
            className="footer__bold-text"
          >
            <p>
              Contact Us (Central Office)
            </p>
            <p>
              P : +1 253-863-8967
            </p>
            <p>
              M : contact@designo.co
            </p>
          </div>
        </div>
        <div
          className="footer__icons"
        >
          <img
            alt="Designo facebook media page."
            src=""
          />
          <img
            alt="Designo youtube media page."
            src=""
          />
          <img
            alt="Designo twitter media page."
            src=""
          />
          <img
            alt="Designo pinterest media page."
            src=""
          />
          <img
            alt="Designo instagram media page."
            src=""
          />
        </div>
      </div>
    </div>
  </footer>
</div>
`;
